Modules list:
-------------
crt0.o:
    CODE              Offs=000000  Size=000000  Align=00001  Fill=0000
    RODATA            Offs=000000  Size=000000  Align=00001  Fill=0000
    BSS               Offs=000000  Size=000000  Align=00001  Fill=0000
    DATA              Offs=000000  Size=000000  Align=00001  Fill=0000
    ZEROPAGE          Offs=000000  Size=000000  Align=00001  Fill=0000
    NULL              Offs=000000  Size=000000  Align=00001  Fill=0000
    STARTUP           Offs=000000  Size=00001C  Align=00001  Fill=0000
sigdemo.o:
    CODE              Offs=000000  Size=0000A1  Align=00001  Fill=0000
    RODATA            Offs=000000  Size=000000  Align=00001  Fill=0000
    BSS               Offs=000000  Size=000000  Align=00001  Fill=0000
    DATA              Offs=000000  Size=000000  Align=00001  Fill=0000
    ZEROPAGE          Offs=000000  Size=000000  Align=00001  Fill=0000
    NULL              Offs=000000  Size=000000  Align=00001  Fill=0000
symon.lib(condes.o):
    CODE              Offs=0000A1  Size=00000C  Align=00001  Fill=0000
    RODATA            Offs=000000  Size=000000  Align=00001  Fill=0000
    BSS               Offs=000000  Size=000000  Align=00001  Fill=0000
    DATA              Offs=000000  Size=000025  Align=00001  Fill=0000
    ZEROPAGE          Offs=000000  Size=000000  Align=00001  Fill=0000
    NULL              Offs=000000  Size=000000  Align=00001  Fill=0000
    INIT              Offs=000000  Size=00000C  Align=00001  Fill=0000
symon.lib(copydata.o):
    CODE              Offs=0000AD  Size=00002D  Align=00001  Fill=0000
    RODATA            Offs=000000  Size=000000  Align=00001  Fill=0000
    BSS               Offs=000000  Size=000000  Align=00001  Fill=0000
    DATA              Offs=000025  Size=000000  Align=00001  Fill=0000
    ZEROPAGE          Offs=000000  Size=000000  Align=00001  Fill=0000
    NULL              Offs=000000  Size=000000  Align=00001  Fill=0000
symon.lib(incsp1.o):
    CODE              Offs=0000DA  Size=000007  Align=00001  Fill=0000
    RODATA            Offs=000000  Size=000000  Align=00001  Fill=0000
    BSS               Offs=000000  Size=000000  Align=00001  Fill=0000
    DATA              Offs=000025  Size=000000  Align=00001  Fill=0000
    ZEROPAGE          Offs=000000  Size=000000  Align=00001  Fill=0000
    NULL              Offs=000000  Size=000000  Align=00001  Fill=0000
symon.lib(makebool.o):
    CODE              Offs=0000E1  Size=000031  Align=00001  Fill=0000
    RODATA            Offs=000000  Size=000000  Align=00001  Fill=0000
    BSS               Offs=000000  Size=000000  Align=00001  Fill=0000
    DATA              Offs=000025  Size=000000  Align=00001  Fill=0000
    ZEROPAGE          Offs=000000  Size=000000  Align=00001  Fill=0000
    NULL              Offs=000000  Size=000000  Align=00001  Fill=0000
symon.lib(pusha.o):
    CODE              Offs=000112  Size=000016  Align=00001  Fill=0000
    RODATA            Offs=000000  Size=000000  Align=00001  Fill=0000
    BSS               Offs=000000  Size=000000  Align=00001  Fill=0000
    DATA              Offs=000025  Size=000000  Align=00001  Fill=0000
    ZEROPAGE          Offs=000000  Size=000000  Align=00001  Fill=0000
    NULL              Offs=000000  Size=000000  Align=00001  Fill=0000
symon.lib(zerobss.o):
    CODE              Offs=000128  Size=000000  Align=00001  Fill=0000
    RODATA            Offs=000000  Size=000000  Align=00001  Fill=0000
    BSS               Offs=000000  Size=000000  Align=00001  Fill=0000
    DATA              Offs=000025  Size=000000  Align=00001  Fill=0000
    ZEROPAGE          Offs=000000  Size=000000  Align=00001  Fill=0000
    NULL              Offs=000000  Size=000000  Align=00001  Fill=0000
    INIT              Offs=00000C  Size=000023  Align=00001  Fill=0000
symon.lib(zeropage.o):
    CODE              Offs=000128  Size=000000  Align=00001  Fill=0000
    RODATA            Offs=000000  Size=000000  Align=00001  Fill=0000
    BSS               Offs=000000  Size=000000  Align=00001  Fill=0000
    DATA              Offs=000025  Size=000000  Align=00001  Fill=0000
    ZEROPAGE          Offs=000000  Size=00001A  Align=00001  Fill=0000
    NULL              Offs=000000  Size=000000  Align=00001  Fill=0000


Segment list:
-------------
Name                   Start     End    Size  Align
----------------------------------------------------
NULL                  000000  000000  000000  00001
RODATA                000000  000000  000000  00001
ZEROPAGE              000000  000019  00001A  00001
BSS                   000200  000200  000000  00001
STARTUP               00C000  00C01B  00001C  00001
INIT                  00C01C  00C04A  00002F  00001
CODE                  00C04B  00C172  000128  00001
DATA                  00C173  00C197  000025  00001


Exports list:
-------------
__BSS_LOAD__              000200  LA    __BSS_RUN__               000200 RLA    
__BSS_SIZE__              000000 REA    __CODE_LOAD__             00C04B  LA    
__CODE_RUN__              00C04B  LA    __CODE_SIZE__             000128  EA    
__CONSTRUCTOR_COUNT__     000000 REA    __CONSTRUCTOR_TABLE__     00C01C RLA    
__DATA_LOAD__             00C173 RLA    __DATA_RUN__              00C173 RLA    
__DATA_SIZE__             000025 REA    __DESTRUCTOR_COUNT__      000000 REA    
__DESTRUCTOR_TABLE__      00C01C RLA    __INIT_LOAD__             00C01C  LA    
__INIT_RUN__              00C01C  LA    __INIT_SIZE__             00002F  EA    
__RAM_FILEOFFS__          000000  EA    __RAM_LAST__              000200  LA    
__RAM_SIZE__              007F00 REA    __RAM_START__             000200 RLA    
__STARTUP_LOAD__          00C000  LA    __STARTUP_RUN__           00C000  LA    
__STARTUP_SIZE__          00001C  EA    __STARTUP__               000001 REA    
__ZEROPAGE_LOAD__         000000  LA    __ZEROPAGE_RUN__          000000  LA    
__ZEROPAGE_SIZE__         00001A  EA    __ZP_FILEOFFS__           000000  EA    
__ZP_LAST__               00001A  LA    __ZP_SIZE__               000100  EA    
__ZP_START__              000000  LA    _exit                     00C018  LA    
_init                     00C000  LA    _main                     00C06F RLA    
_putchar                  00C04B  LA    booleq                    00C132 RLA    
boolge                    00C142  LA    boolgt                    00C140  LA    
boolle                    00C138  LA    boollt                    00C13A  LA    
boolne                    00C12C RLA    booluge                   00C152  LA    
boolugt                   00C150  LA    boolule                   00C148  LA    
boolult                   00C14A  LA    condes                    00C173  LA    
copydata                  00C0F8 RLA    donelib                   00C0EC RLA    
incsp1                    00C125 RLA    initlib                   00C01C RLA    
ptr1                      000008 RLZ    ptr2                      00000A RLZ    
ptr3                      00000C  LZ    ptr4                      00000E  LZ    
pusha                     00C161 RLA    pusha0sp                  00C15D  LA    
pushaysp                  00C15F  LA    regbank                   000014  LZ    
regsave                   000004  LZ    sp                        000000 RLZ    
sreg                      000002  LZ    tmp1                      000010 RLZ    
tmp2                      000011  LZ    tmp3                      000012  LZ    
tmp4                      000013  LZ    zerobss                   00C028 RLA    



Imports list:
-------------
__BSS_LOAD__ ([linker generated]):
__BSS_RUN__ ([linker generated]):
    zerobss.o                 common/zerobss.s(8)
__BSS_SIZE__ ([linker generated]):
    zerobss.o                 common/zerobss.s(8)
__CODE_LOAD__ ([linker generated]):
__CODE_RUN__ ([linker generated]):
__CODE_SIZE__ ([linker generated]):
__CONSTRUCTOR_COUNT__ ([linker generated]):
    condes.o                  runtime/condes.s(18)
__CONSTRUCTOR_TABLE__ ([linker generated]):
    condes.o                  runtime/condes.s(18)
__DATA_LOAD__ ([linker generated]):
    copydata.o                common/copydata.s(8)
__DATA_RUN__ ([linker generated]):
    copydata.o                common/copydata.s(8)
__DATA_SIZE__ ([linker generated]):
    copydata.o                common/copydata.s(8)
__DESTRUCTOR_COUNT__ ([linker generated]):
    condes.o                  runtime/condes.s(19)
__DESTRUCTOR_TABLE__ ([linker generated]):
    condes.o                  runtime/condes.s(19)
__INIT_LOAD__ ([linker generated]):
__INIT_RUN__ ([linker generated]):
__INIT_SIZE__ ([linker generated]):
__RAM_FILEOFFS__ ([linker generated]):
__RAM_LAST__ ([linker generated]):
__RAM_SIZE__ ([linker generated]):
    crt0.o                    crt0.s(11)
__RAM_START__ ([linker generated]):
    crt0.o                    crt0.s(11)
__STARTUP_LOAD__ ([linker generated]):
__STARTUP_RUN__ ([linker generated]):
__STARTUP_SIZE__ ([linker generated]):
__STARTUP__ (crt0.o):
    sigdemo.o                 sigdemo.s(13)
__ZEROPAGE_LOAD__ ([linker generated]):
__ZEROPAGE_RUN__ ([linker generated]):
__ZEROPAGE_SIZE__ ([linker generated]):
__ZP_FILEOFFS__ ([linker generated]):
__ZP_LAST__ ([linker generated]):
__ZP_SIZE__ ([linker generated]):
__ZP_START__ ([linker generated]):
_exit (crt0.o):
_init (crt0.o):
_main (sigdemo.o):
    crt0.o                    crt0.s(8)
_putchar (sigdemo.o):
booleq (makebool.o):
    sigdemo.o                 sigdemo.s(105)
boolge (makebool.o):
boolgt (makebool.o):
boolle (makebool.o):
boollt (makebool.o):
boolne (makebool.o):
    sigdemo.o                 sigdemo.s(105)
booluge (makebool.o):
boolugt (makebool.o):
boolule (makebool.o):
boolult (makebool.o):
condes (condes.o):
copydata (copydata.o):
    crt0.o                    crt0.s(13)
donelib (condes.o):
    crt0.o                    crt0.s(13)
incsp1 (incsp1.o):
    sigdemo.o                 sigdemo.s(105)
initlib (condes.o):
    crt0.o                    crt0.s(13)
ptr1 (zeropage.o):
    zerobss.o                 common/zerobss.s(9)
    copydata.o                common/copydata.s(9)
ptr2 (zeropage.o):
    copydata.o                common/copydata.s(9)
ptr3 (zeropage.o):
ptr4 (zeropage.o):
pusha (pusha.o):
    sigdemo.o                 sigdemo.s(105)
pusha0sp (pusha.o):
pushaysp (pusha.o):
regbank (zeropage.o):
regsave (zeropage.o):
sp (zeropage.o):
    pusha.o                   runtime/pusha.s(8)
    incsp1.o                  runtime/incsp1.s(8)
    sigdemo.o                 sigdemo.s(10)
    crt0.o                    /usr/lib/cc65/asminc/zeropage.inc(11)
sreg (zeropage.o):
tmp1 (zeropage.o):
    copydata.o                common/copydata.s(9)
tmp2 (zeropage.o):
tmp3 (zeropage.o):
tmp4 (zeropage.o):
zerobss (zerobss.o):
    crt0.o                    crt0.s(13)

